<patch K.179> K:177 K:178 K:179 K:180 K:181
<patch H.123> H:121 H:122 H:123 H:124 H:125 H:154 H:208 H:209 H:211
<patch H.41> H:40 H:41 H:42 H:43
<patch A.19> A:14 A:16 A:17 A:18 A:19 A:21 A:22 A:42 A:43 A:44 A:45
<patch A.70> A:66 A:67 A:70 A:71
<patch H.160> H:158 H:159 H:160 H:161
<patch B.64> B:61 B:62 B:63 B:64 B:65 B:67 B:145
<patch L.159> L:154 L:158 L:159 L:160 L:161 L:162 L:163 L:184 L:185 L:189 L:193
<patch L.195> L:153 L:154 L:155 L:156 L:193 L:194 L:195 L:197 L:212 L:213 L:214 L:215 L:216
<patch M.142> K:171 M:112 M:141 M:142 M:171 M:173 M:174 M:176
<patch K.9> K:7 K:8 K:9 K:10 K:11 K:114 K:115
<patch K.41> K:40 K:41 K:42 K:43
<patch A.12> A:1 A:10 A:11 A:12 A:13 A:14
<patch K.196> K:143 K:192 K:193 K:194 K:195 K:196 K:197 K:198 K:217 K:219
<patch L.111> L:14 L:111 L:112 L:113 L:114 L:144
<patch H.87> H:67 H:84 H:85 H:87 H:88 H:89 H:90 H:118
<patch B.151> B:147 B:148 B:149 B:150 B:151
<patch H.56> H:33 H:53 H:54 H:55 H:56 H:57 H:58 H:74
<patch A.139> A:37 A:135 A:139
<patch A.89> A:85 A:86 A:87 A:88 A:89 A:90 A:91 A:92 A:95
<patch H.163> H:162 H:163 H:164 H:165 H:166
<patch L.208> L:199 L:205 L:206 L:207 L:208 L:209 L:210
<patch L.44> L:43 L:44 L:45 L:46 L:87 L:88 L:89
<patch A.91> A:87 A:88 A:89 A:90 A:91 A:92 A:95
<patch H.67> H:66 H:67 H:82 H:83 H:84 H:85 H:87 H:89 H:90
<patch A.13> A:1 A:11 A:12 A:13 A:14 A:16
<patch A.63> A:60 A:61 A:62 A:63 A:64
<patch B.4> B:3 B:4 B:5 B:6 B:7 B:45 B:46
<patch B.61> A:16 A:17 A:18 A:21 B:59 B:60 B:61 B:62 B:63 B:64 B:65
<patch H.30> H:27 H:28 H:29 H:30 H:31 H:32 H:52 H:53 H:54 H:55 H:74
<patch K.142> K:140 K:141 K:142 K:191 K:192
<patch M.57> M:53 M:54 M:56 M:57 M:58
<patch K.197> K:192 K:193 K:194 K:195 K:196 K:197 K:198 K:199
<patch L.187> L:187 L:188
<patch M.84> M:83 M:84 M:85
<patch L.16> L:13 L:14 L:15 L:16 L:17 L:18 L:80
<patch L.161> L:159 L:160 L:161 L:162 L:163
<patch A.86> A:81 A:84 A:85 A:86 A:87 A:88 A:89 A:90 A:91
<patch K.198> K:193 K:194 K:197 K:198 K:199
<patch M.17> M:13 M:14 M:15 M:16 M:17 M:18
<patch H.191> H:141 H:191 H:192 H:193 H:194
<patch B.128> B:3 B:4 B:46 B:128 B:131 B:132
<patch M.186> M:184 M:185 M:186 M:187 M:188 M:189
<patch H.210> H:123 H:125 H:207 H:208 H:209 H:210 H:211 H:212
<patch K.168> K:165 K:166 K:167 K:168 K:169 K:170
<patch B.93> B:90 B:91 B:92 B:93 B:94 B:95
<patch A.120> A:96 A:97 A:119 A:120 A:121 A:122
<patch M.70> M:30 M:68 M:69 M:70 M:71 M:72 M:73 M:74 M:75 M:76
<patch A.144> A:68 A:140 A:143 A:144 A:145
<patch B.90> B:85 B:86 B:87 B:88 B:89 B:90 B:91 B:92 B:93 B:95
<patch H.158> H:156 H:157 H:158 H:159 H:160
<patch A.125> A:3 A:117 A:118 A:122 A:123 A:124 A:125
<patch K.135> K:133 K:134 K:135 K:136 K:137 K:138
<patch H.135> H:133 H:134 H:135 H:136 H:137 H:138
<patch K.74> K:29 K:30 K:53 K:54 K:55 K:72 K:73 K:74 K:75 K:76 K:77
<patch H.177> H:121 H:153 H:175 H:176 H:177 H:178 H:179 H:180 H:181 H:182
<patch K.141> K:138 K:139 K:140 K:141 K:142 K:191 K:192 K:193
<patch B.25> B:25 B:28 B:29 B:30
<patch B.29> B:28 B:29 B:30 B:31
<patch K.112> K:4 K:5 K:6 K:109 K:110 K:111 K:112 K:113
<patch L.8> L:6 L:7 L:8 L:9 L:10 L:11 L:12 L:20 L:21 L:22
<patch K.26> K:3 K:24 K:25 K:26 K:27 K:28 K:29
<patch M.7> M:5 M:6 M:7 M:8 M:9 M:20 M:21 M:22 M:24 M:75 M:76
<patch L.114> L:112 L:113 L:114 L:115 L:144 L:145 L:202 L:203 L:204
<patch B.42> B:19 B:38 B:41 B:42 B:43 B:44 B:45
<patch B.70> B:66 B:67 B:70 B:71
<patch K.123> K:121 K:122 K:123 K:124 K:125 K:154 K:208 K:209 K:211
<patch H.15> H:13 H:14 H:15 H:16 H:17
<patch L.3> L:1 L:2 L:3 L:4 L:5 L:6 L:24 L:25 L:26
<patch H.125> H:123 H:124 H:125 H:126 H:127 H:208 H:209 H:210 H:211 H:212
<patch B.67> B:63 B:64 B:66 B:67 B:68 B:70 B:71
<patch M.8> M:6 M:7 M:8 M:9 M:10 M:11 M:12 M:20 M:21 M:22 M:107
<patch K.76> K:73 K:74 K:75 K:76 K:77 K:78
<patch K.87> K:67 K:84 K:85 K:87 K:88 K:89 K:90 K:118
<patch L.171> L:168 L:169 L:170 L:171 L:172 L:173 L:174 L:176 L:177
<patch L.216> L:194 L:214 L:215 L:216 L:217
<patch L.12> L:10 L:11 L:12 L:13 L:14 L:111
<patch A.30> A:28 A:29 A:30 A:31 A:33 A:35
<patch L.126> H:130 L:124 L:125 L:126 L:127 L:129 L:130
<patch H.74> H:29 H:30 H:53 H:54 H:55 H:72 H:73 H:74 H:75 H:76 H:77
<patch M.206> M:203 M:204 M:205 M:206 M:207 M:208
<patch L.18> L:16 L:17 L:18 L:20 L:67 L:78 L:80 L:81
<patch K.30> K:27 K:28 K:29 K:30 K:31 K:32 K:52 K:53 K:54 K:55 K:74
<patch A.143> A:140 A:143 A:144
<patch A.4> A:3 A:4 A:5 A:6 A:7 A:45 A:46
<patch A.149> A:147 A:148 A:149 A:150 A:151
<patch A.35> A:29 A:30 A:33 A:34 A:35
<patch K.19> K:19 K:80 K:82
<patch L.73> L:24 L:26 L:27 L:28 L:30 L:71 L:72 L:73 L:74 L:75
<patch H.122> H:120 H:121 H:122 H:123 H:124
<patch K.220> K:132 K:195 K:218 K:219 K:220
<patch H.63> H:46 H:61 H:63 H:64
<patch K.72> K:51 K:53 K:70 K:71 K:72 K:73 K:74 K:75
<patch B.92> B:90 B:91 B:92 B:93 B:94 B:95
<patch B.31> B:27 B:28 B:29 B:30 B:31 B:32 B:33
<patch A.1> A:1 A:2 A:12 A:13 A:14 A:15 A:16 A:19
<patch A.84> A:80 A:81 A:83 A:84 A:85 A:86 A:129
<patch L.184> L:133 L:134 L:184 L:185 L:186
<patch A.90> A:85 A:86 A:87 A:88 A:89 A:90 A:91 A:92 A:93 A:95
<patch B.113> A:110 B:108 B:109 B:110 B:111 B:112 B:113 B:116 B:117
<patch H.13> H:13 H:14
<patch L.211> L:210 L:211 L:212 L:213
<patch M.67> M:18 M:64 M:65 M:67 M:68 M:69 M:78 M:80
<patch A.18> A:16 A:17 A:18 A:19 A:21 A:22 B:60 B:61
<patch L.158> L:149 L:150 L:151 L:153 L:157 L:158 L:159 L:160
<patch K.82> K:17 K:18 K:19 K:20 K:80 K:82 K:83
<patch B.74> B:70 B:71 B:74 B:75 M:31 M:32 M:33 M:34
<patch M.131> M:127 M:129 M:130 M:131 M:132 M:133 M:134 M:187
<patch L.20> L:7 L:8 L:18 L:19 L:20 L:21 L:22 L:75 L:76 L:78
<patch K.54> K:30 K:31 K:52 K:53 K:54 K:55 K:56 K:57 K:74
<patch M.201> M:148 M:149 M:150 M:151 M:199 M:201 M:202 M:203 M:206 M:207 M:208 M:210
<patch K.213> K:125 K:126 K:127 K:128 K:210 K:211 K:212 K:213 K:214 K:215
<patch H.124> H:122 H:123 H:124 H:125 H:126 H:127 H:150 H:151 H:209
<patch B.28> B:21 B:24 B:25 B:26 B:27 B:28 B:29
<patch A.53> A:50 A:53 A:54 A:56 A:57
<patch A.14> A:1 A:12 A:13 A:14 A:15 A:16 A:17
<patch B.95> B:90 B:91 B:92 B:93 B:94 B:95 B:96 B:97 B:98
<patch K.108> K:2 K:98 K:106 K:107 K:108 K:109 K:110 M:40 M:49 M:50
<patch M.126> K:130 M:124 M:125 M:126 M:127 M:129 M:130
<patch H.140> H:138 H:139 H:140 H:141 H:142 H:192
<patch B.7> B:4 B:5 B:6 B:7 B:8
<patch H.155> H:155 H:156 H:157 H:173 H:174 H:175 H:176 H:177 H:182 H:183 H:184
<patch M.60> M:53 M:58 M:59 M:60 M:61 M:62
<patch M.3> M:1 M:2 M:3 M:4 M:5 M:24 M:25 M:26
<patch K.124> K:122 K:123 K:124 K:125 K:126 K:127 K:209
<patch L.15> L:14 L:15 L:16
<patch H.11> H:9 H:10 H:11 H:12 H:13 H:117
<patch B.5> B:3 B:4 B:5 B:6 B:7 B:45
<patch K.84> K:15 K:16 K:17 K:18 K:66 K:67 K:82 K:83 K:84 K:85 K:90
<patch B.33> B:29 B:30 B:31 B:32 B:33 B:34 B:35
<patch M.161> M:159 M:160 M:161 M:162 M:163
<patch L.215> L:191 L:192 L:193 L:194 L:215 L:216
<patch K.67> K:65 K:66 K:67 K:82 K:83 K:84 K:85 K:87 K:89 K:90
<patch M.63> M:58 M:61 M:62 M:63 M:64 M:65 M:66 M:86
<patch A.136> A:131 A:132 A:136
<patch M.146> M:143 M:146 M:147 M:148 M:167 M:168 M:169 M:170 M:177 M:178 M:179
<patch K.40> K:40 K:41 K:42 K:43
<patch H.167> H:161 H:164 H:165 H:166 H:167 H:168 H:169 H:170
<patch A.121> A:120 A:121 A:122
<patch M.162> M:152 M:159 M:160 M:161 M:162 M:163 M:164
<patch A.41> A:37 A:38 A:41 A:42 A:43 A:44 A:45 A:135
<patch K.167> K:161 K:164 K:165 K:166 K:167 K:168 K:169 K:170
<patch K.46> K:39 K:40 K:43 K:44 K:45 K:46 K:47 K:61 K:63
<patch B.139> B:37 B:135 B:139 B:142 B:143
<patch M.69> M:67 M:68 M:69 M:70 M:71 M:74 M:75 M:76 M:78
<patch K.134> K:132 K:133 K:134 K:135 K:136 K:137 K:195 K:219 K:220
<patch B.14> B:1 B:12 B:13 B:14 B:15 B:16 B:17
<patch M.113> M:111 M:112 M:113 M:114 M:115 M:144
<patch M.173> M:171 M:172 M:173 M:174
<patch H.168> H:165 H:166 H:167 H:168 H:169 H:170
<patch H.26> H:24 H:25 H:26 H:27 H:28 H:29
<patch M.18> M:16 M:17 M:18 M:20 M:67 M:78 M:80
<patch L.149> L:148 L:149 L:150 L:151 L:199 L:201
<patch M.195> M:153 M:154 M:155 M:156 M:193 M:194 M:195 M:197 M:212 M:213 M:214 M:215 M:216
<patch A.146> A:142 A:143 A:144 A:145 A:146 A:147 A:148
<patch M.194> M:155 M:191 M:192 M:193 M:194 M:195 M:214 M:215 M:216 M:217
<patch H.62> H:60 H:61 H:62 H:63 H:64 H:65
<patch B.71> B:68 B:70 B:71 B:72 B:75 B:144
<patch B.132> B:128 B:131 B:132 B:136
<patch H.58> H:33 H:56 H:57 H:58 H:59 H:60 H:65
<patch H.80> H:19 H:23 H:76 H:77 H:78 H:80
<patch M.46> K:112 M:43 M:44 M:45 M:46 M:47
<patch M.214> M:155 M:194 M:195 M:212 M:213 M:214 M:215 M:216
<patch K.5> K:3 K:4 K:5 K:6 K:7 K:25
<patch A.45> A:4 A:19 A:41 A:42 A:43 A:44 A:45 A:46
<patch B.63> B:60 B:61 B:62 B:63 B:64
<patch B.150> B:149 B:150 B:151
<patch L.203> L:114 L:145 L:147 L:201 L:202 L:203 L:204 L:205 L:206
<patch H.46> H:38 H:39 H:40 H:43 H:44 H:45 H:46 H:47 H:61 H:63
<patch A.28> A:21 A:24 A:25 A:27 A:28 A:29
<patch B.84> B:80 B:81 B:83 B:84 B:85 B:86 B:129
<patch H.85> H:67 H:83 H:84 H:85
<patch B.100> B:78 B:81 B:82 B:100 B:102 B:103 B:108 M:30 M:31 M:32 M:96
<patch K.14> K:12 K:13 K:14 K:15 K:16
<patch L.104> L:102 L:103 L:104 L:105
<patch K.66> K:62 K:63 K:64 K:65 K:66 K:67
<patch M.33> B:74 M:30 M:31 M:32 M:33 M:34 M:35 M:36
<patch M.165> M:148 M:149 M:150 M:152 M:163 M:164 M:165 M:166 M:167 M:179
<patch M.1> M:1 M:2 M:3 M:97 M:99
<patch M.107> M:9 M:10 M:88 M:89 M:107
<patch K.85> K:66 K:67 K:83 K:84 K:85 K:87 K:90
<patch L.132> L:126 L:127 L:129 L:130 L:131 L:132 L:133
<patch H.57> H:33 H:54 H:55 H:56 H:57 H:58
<patch K.13> K:13 K:14
<patch H.189> H:189
<patch L.127> H:130 H:215 L:125 L:126 L:127 L:129 L:130 L:131
<patch M.212> M:195 M:197 M:210 M:211 M:212 M:213 M:214
<patch K.58> K:33 K:56 K:57 K:58 K:59 K:60 K:65
<patch L.173> L:171 L:172 L:173 L:174
<patch M.11> M:7 M:8 M:9 M:10 M:11 M:12 M:13 M:18 M:19 M:20 M:21 M:107
<patch H.220> H:132 H:195 H:218 H:219 H:220
<patch A.150> A:149 A:150 A:151
<patch M.10> M:8 M:9 M:10 M:11 M:12 M:107 M:108 M:109
<patch H.136> H:133 H:134 H:135 H:136 H:137 H:138
<patch A.128> A:3 A:4 A:46 A:128 A:129 A:131 A:132
<patch K.216> K:201 K:216 K:217 K:218 K:219
<patch K.163> K:162 K:163 K:164 K:165
<patch L.163> L:152 L:160 L:161 L:162 L:163 L:164 L:165 L:182
<patch K.155> K:154 K:155 K:156 K:157 K:175 K:182 K:184 K:208
<patch H.55> H:33 H:53 H:54 H:55 H:56 H:57 H:58
<patch A.145> A:62 A:64 A:65 A:141 A:142 A:144 A:145 A:146 A:147
<patch B.6> B:2 B:3 B:4 B:5 B:6 B:7
<patch L.57> L:53 L:54 L:56 L:57 L:58
<patch B.147> B:142 B:143 B:144 B:145 B:146 B:147 B:148 B:149 B:150
<patch B.107> A:112 B:105 B:106 B:107
<patch H.174> H:155 H:172 H:173 H:174 H:175 H:176 L:165 L:166 L:167 L:168 L:169
<patch H.54> H:30 H:31 H:52 H:53 H:54 H:55 H:56 H:74
<patch B.144> B:68 B:71 B:139 B:140 B:143 B:144 B:145
<patch K.80> K:19 K:23 K:76 K:77 K:78 K:80
<patch L.22> L:5 L:6 L:7 L:8 L:20 L:21 L:22 L:23 L:24 L:74 L:75 L:76
<patch M.147> M:145 M:146 M:147 M:148 M:149 M:203
<patch M.217> M:214 M:215 M:216 M:217
<patch L.157> L:153 L:154 L:155 L:156 L:157 L:158 L:159 L:160
<patch H.180> H:119 H:120 H:121 H:122 H:153 H:178 H:179 H:180 H:181
<patch B.91> B:87 B:88 B:89 B:90 B:91 B:92 B:95
<patch K.127> K:124 K:125 K:126 K:127 K:128 K:129 K:150 K:151
<patch B.62> A:17 B:59 B:60 B:61 B:62 B:63 B:64 B:65 B:145
<patch L.10> L:8 L:9 L:10 L:11 L:12 L:107
<patch M.187> M:126 M:129 M:130 M:132 M:133 M:187 M:188
<patch B.41> B:37 B:38 B:41 B:42 B:43 B:44 B:45 B:135
<patch H.215> H:128 H:130 H:213 H:214 H:215 H:216 L:125 L:127
<patch H.19> H:19 H:80 H:82
<patch H.115> H:8 H:9 H:10 H:11 H:115
<patch M.16> M:13 M:14 M:15 M:16 M:17 M:18 M:80
<patch K.208> K:123 K:124 K:125 K:154 K:206 K:207 K:208 K:209 K:210 K:211
<patch K.69> K:69
<patch L.64> L:58 L:62 L:63 L:64 L:65 L:66 L:67
<patch M.216> M:194 M:214 M:215 M:216 M:217
<patch B.123> B:117 B:118 B:119 B:120 B:121 B:122 B:123 B:124 B:125
<patch A.88> A:85 A:86 A:87 A:88 A:89 A:90 A:91
<patch L.7> L:5 L:6 L:7 L:8 L:9 L:20 L:21 L:22 L:24 L:75 L:76
<patch K.193> K:141 K:191 K:192 K:193 K:194
<patch M.9> M:6 M:7 M:8 M:9 M:10 M:11 M:107
<patch L.156> L:153 L:154 L:155 L:156 L:157 L:158 L:195 L:197
<patch M.160> M:151 M:152 M:153 M:158 M:159 M:160 M:161
<patch H.138> H:135 H:136 H:137 H:138 H:139 H:140 H:141 H:192
<patch M.151> M:149 M:150 M:151 M:152 M:153 M:158 M:159 M:160 M:163 M:199 M:201
<patch M.204> M:114 M:115 M:116 M:202 M:203 M:204 M:205 M:206 M:207
<patch L.81> L:64 L:65 L:80 L:81
<patch M.208> M:199 M:205 M:206 M:207 M:208 M:209 M:210
<patch K.191> K:141 K:142 K:191 K:192 K:193 K:194
<patch B.50> B:50 B:109 B:110 B:111
<patch H.141> H:138 H:139 H:140 H:141 H:142 H:191 H:192 H:193
<patch A.64> A:61 A:62 A:63 A:64 A:65 A:67 A:141 A:145
<patch B.10> B:9 B:10 B:11 B:119 B:120
<patch L.130> L:126 L:127 L:129 L:130 L:131 L:132
<patch K.62> K:60 K:61 K:62 K:63 K:65
<patch M.188> M:186 M:187 M:188 M:189 M:191 M:192
<patch B.136> B:131 B:132 B:136
<patch L.17> L:13 L:14 L:15 L:16 L:17 L:18
<patch L.204> L:114 L:115 L:116 L:202 L:203 L:204 L:205 L:206 L:207
<patch A.67> A:63 A:64 A:66 A:67 A:68 A:70 A:71
<patch M.112> M:112 M:113 M:114 M:115 M:142 M:173 M:174 M:175 M:176
<patch K.219> K:132 K:133 K:195 K:196 K:197 K:217 K:218 K:219 K:220
<patch M.44> M:43 M:44 M:45 M:46 M:87 M:88 M:89
<patch M.169> K:172 K:173 K:174 M:167 M:168 M:169 M:170 M:171
<patch A.6> A:2 A:3 A:4 A:5 A:6 A:7
<patch H.120> H:118 H:119 H:120 H:121 H:122 H:180
<patch M.104> M:102 M:103 M:104 M:105
<patch L.155> L:153 L:154 L:155 L:156 L:157 L:158 L:194 L:195
<patch B.143> B:139 B:140 B:143 B:144
<patch H.8> H:6 H:7 H:8 H:9 H:10 H:115
<patch H.40> H:40 H:41 H:42 H:43
<patch M.207> M:205 M:206 M:207 M:208 M:209 M:210
<patch M.215> M:191 M:192 M:193 M:194 M:215 M:216
<patch A.132> A:80 A:128 A:129 A:132 A:133
<patch H.172> H:170 H:171 H:172 H:173 H:174 H:175 H:184 H:185 H:186 L:166 L:167 L:168 L:169
<patch L.214> L:155 L:194 L:195 L:212 L:213 L:214 L:215 L:216
<patch L.30> L:28 L:30 L:31 L:32 L:33 L:34 L:70 L:71 L:72 L:73 L:96
<patch L.45> H:112 L:43 L:44 L:45 L:46 L:47
<patch B.9> B:6 B:7 B:8 B:9 B:10 B:11 B:118 B:119
<patch A.92> A:90 A:91 A:92 A:93 A:94 A:95 B:93
<patch M.64> M:58 M:62 M:63 M:64 M:65
<patch A.61> A:59 A:60 A:61 A:62 A:63 A:64 B:17
<patch L.205> L:201 L:202 L:203 L:204 L:205 L:206 L:207 L:208 L:209
<patch K.164> K:162 K:163 K:164 K:165 K:166 K:167 K:168 K:170
<patch H.216> H:201 H:216 H:217 H:218 H:219
<patch K.17> K:15 K:16 K:17 K:18 K:19
<patch K.176> K:174 K:175 K:176 K:177 K:178 K:179 K:182 M:163 M:164 M:165 M:166
<patch M.132> M:126 M:127 M:129 M:130 M:131 M:132 M:133 M:185 M:186 M:187 M:188
<patch L.206> L:203 L:204 L:205 L:206 L:207 L:208
<patch L.84> L:83 L:84 L:85
<patch M.167> M:148 M:164 M:165 M:166 M:167 M:179
<patch L.58> L:52 L:53 L:56 L:57 L:58 L:59 L:60 L:61 L:62 L:63 L:64 L:65 L:66 L:67
<patch K.165> K:162 K:163 K:164 K:165 K:166 K:167
<patch A.5> A:3 A:4 A:5 A:6 A:7 A:45
<patch K.140> K:138 K:139 K:140 K:141 K:142 K:192
<patch B.19> B:14 B:16 B:17 B:18 B:19 B:21 B:22 B:42 B:43 B:44 B:45
<patch K.8> K:6 K:7 K:8 K:9 K:10 K:114 K:115
<patch H.69> H:67 H:68 H:69
<patch H.212> H:203 H:211 H:212 H:213 H:214
<patch M.73> M:24 M:26 M:27 M:28 M:30 M:71 M:72 M:73 M:74 M:75
<patch M.203> M:114 M:201 M:202 M:203 M:204 M:205 M:206 M:207
<patch A.33> A:29 A:30 A:31 A:32 A:33 A:34 A:35
<patch L.167> L:164 L:165 L:166 L:167 L:179
<patch B.108> B:100 B:102 B:103 B:108 M:32
<patch M.116> M:114 M:115 M:116 M:117 M:118 M:119 M:203 M:204 M:205
<patch L.118> L:116 L:117 L:118 L:119 L:120
<patch M.28> M:2 M:25 M:26 M:27 M:28 M:30 M:31 M:71 M:72 M:73 M:74 M:96
<patch M.5> M:3 M:4 M:5 M:6 M:7 M:22 M:24
<patch A.7> A:4 A:5 A:6 A:7 A:8
<patch B.120> B:96 B:97 B:119 B:120 B:121 B:122
<patch K.169> K:161 K:166 K:167 K:168 K:169 K:170 K:171 M:141 M:142
<patch A.107> A:105 A:106 A:107
<patch H.197> H:192 H:193 H:194 H:195 H:196 H:197 H:198 H:199
<patch H.208> H:123 H:124 H:125 H:154 H:206 H:207 H:208 H:209 H:210 H:211
<patch M.58> M:52 M:53 M:56 M:57 M:58 M:59 M:60 M:61 M:62 M:63 M:64 M:65
<patch B.121> B:119 B:120 B:121 B:122
<patch A.113> A:109 A:110 A:111 A:112 A:113 A:116 A:117 B:108 B:109 B:110
<patch B.12> B:1 B:10 B:11 B:12 B:13 B:14
<patch K.214> K:128 K:201 K:203 K:212 K:213 K:214 K:215 K:216 M:127
<patch B.11> B:1 B:2 B:7 B:8 B:9 B:10 B:11 B:12 B:13
<patch A.123> A:117 A:118 A:119 A:120 A:121 A:122 A:123 A:124 A:125
<patch M.111> M:14 M:111 M:112 M:113 M:114 M:144
<patch A.108> A:100 A:102 A:103 A:108 L:32
<patch K.73> K:19 K:72 K:73 K:74 K:75 K:76 K:77 K:78 K:80
<patch K.57> K:33 K:54 K:55 K:56 K:57 K:58 K:59
<patch M.156> M:153 M:154 M:155 M:156 M:157 M:158 M:195 M:197
<patch B.45> B:4 B:5 B:19 B:41 B:42 B:43 B:44 B:45 B:46
<patch M.205> M:202 M:203 M:204 M:205 M:206 M:207 M:208 M:209 M:210
<patch K.177> K:121 K:153 K:175 K:176 K:177 K:178 K:179 K:180 K:182
<patch K.120> K:118 K:119 K:120 K:121 K:122 K:180
<patch H.31> H:27 H:28 H:29 H:30 H:31 H:32 H:52 H:54
<patch M.172> M:170 M:171 M:172 M:173 M:174
<patch M.157> M:153 M:154 M:155 M:156 M:157 M:158 M:159 M:160
<patch L.188> L:186 L:187 L:188 L:189 L:191 L:192
<patch A.71> A:68 A:70 A:71 A:72 A:75 A:144
<patch M.81> M:64 M:65 M:80 M:81
<patch A.122> A:120 A:121 A:122 A:123 A:124
<patch L.70> L:30 L:68 L:69 L:70 L:71 L:72 L:73 L:74 L:75 L:76
<patch B.30> B:28 B:29 B:30 B:31 B:33 B:35
<patch L.207> L:205 L:206 L:207 L:208 L:209 L:210
<patch L.33> A:74 L:30 L:31 L:32 L:33 L:34 L:35 L:36
<patch L.151> L:149 L:150 L:151 L:152 L:153 L:158 L:159 L:160 L:163 L:199 L:201
<patch A.9> A:6 A:7 A:8 A:9 A:10 A:11 A:118 A:119
<patch H.112> H:4 H:5 H:109 H:110 H:111 H:112 H:113
<patch K.218> K:195 K:216 K:217 K:218 K:219 K:220
<patch K.211> K:125 K:126 K:127 K:209 K:210 K:211 K:212 K:213
<patch B.34> B:30 B:33 B:34 B:35 B:38
<patch B.1> B:1 B:2 B:12 B:13 B:14 B:15 B:16 B:19
<patch H.214> H:128 H:201 H:203 H:212 H:213 H:214 H:215 H:216 L:127
<patch B.148> B:146 B:147 B:148 B:149 B:150 B:151
<patch A.25> A:21 A:22 A:25 A:28 A:29 A:30
<patch L.61> L:58 L:59 L:60 L:61 L:62 L:63 L:64
<patch B.88> B:85 B:86 B:87 B:88 B:89 B:90 B:91
<patch H.178> H:176 H:177 H:178 H:179 H:180 H:181
<patch M.49> M:41 M:48 M:49 M:50
<patch L.67> L:18 L:52 L:58 L:64 L:65 L:66 L:67 L:68 L:69 L:78 L:80
<patch M.127> K:130 K:215 M:125 M:126 M:127 M:129 M:130 M:131
<patch A.93> A:90 A:91 A:92 A:93 A:94 A:95
<patch L.201> L:148 L:149 L:150 L:151 L:199 L:201 L:202 L:203 L:205 L:206 L:207 L:208 L:210
<patch L.210> L:119 L:197 L:199 L:207 L:208 L:209 L:210 L:211 L:212
<patch L.116> L:114 L:115 L:116 L:117 L:118 L:119 L:203 L:204 L:205
<patch K.162> K:162 K:163 K:164 K:165 K:166 K:167 K:198 K:199 K:200
<patch K.77> K:23 K:24 K:25 K:26 K:27 K:28 K:29 K:30 K:73 K:74 K:75 K:76 K:77 K:78
<patch K.104> K:100 K:102 K:103 K:104 K:105
<patch M.118> M:116 M:117 M:118 M:119 M:120
<patch L.160> L:151 L:152 L:153 L:158 L:159 L:160 L:161
<patch A.29> A:28 A:29 A:30 A:31
<patch H.14> H:12 H:13 H:14 H:15 H:16
<patch M.155> M:153 M:154 M:155 M:156 M:157 M:158 M:194 M:195
<patch M.45> K:112 M:43 M:44 M:45 M:46 M:47
<patch H.28> H:26 H:27 H:28 H:29 H:30 H:31
<patch H.72> H:53 H:70 H:71 H:72 H:73 H:74 H:75
<patch M.149> M:148 M:149 M:150 M:151 M:160 M:199 M:201
<patch H.176> H:174 H:175 H:176 H:177 H:178 H:179 H:181 H:182 H:183 L:163 L:164 L:165 L:166
<patch M.171> M:168 M:169 M:170 M:171 M:172 M:173 M:174 M:175 M:176 M:177 M:178
<patch A.148> A:146 A:147 A:148 A:149 A:150 A:151
<patch H.134> H:132 H:133 H:134 H:135 H:136 H:137 H:195 H:219 H:220
<patch H.179> H:177 H:178 H:179 H:180 H:181
<patch M.71> M:28 M:30 M:69 M:70 M:71 M:72 M:73 M:74 M:75
<patch L.172> L:170 L:171 L:172 L:173 L:174
<patch B.146> B:142 B:143 B:144 B:145 B:146 B:147 B:148 B:149
<patch L.113> L:111 L:112 L:113 L:114 L:115 L:144
<patch A.87> A:85 A:86 A:87 A:88 A:89 L:98
<patch B.96> B:95 B:96 B:97 B:119 B:120 B:121
<patch L.191> L:191 L:192 L:193 L:215
<patch M.130> M:126 M:127 M:129 M:130 M:131 M:132 M:187
<patch M.22> M:5 M:6 M:7 M:8 M:20 M:21 M:22 M:23 M:24 M:74 M:75 M:76
<patch H.5> H:3 H:4 H:5 H:6 H:7
<patch M.20> M:7 M:8 M:18 M:19 M:20 M:21 M:22 M:75 M:76 M:78
<patch L.26> L:2 L:3 L:24 L:25 L:26 L:27 L:28 L:73
<patch M.191> M:191 M:192 M:193 M:215
<patch L.71> L:28 L:30 L:69 L:70 L:71 L:72 L:73 L:74 L:75
<patch M.184> M:133 M:134 M:184 M:185 M:186
<patch A.31> A:27 A:28 A:29 A:30 A:31 A:32 A:33
<patch K.31> K:27 K:28 K:29 K:30 K:31 K:32 K:52 K:54
<patch B.98> B:97 B:98 B:99
<patch H.84> H:18 H:66 H:67 H:82 H:83 H:84 H:85 H:90
<patch B.22> B:18 B:19 B:21 B:22 B:24 B:25 B:43
<patch K.71> K:51 K:70 K:71 K:72
<patch H.213> H:125 H:126 H:127 H:128 H:210 H:211 H:212 H:213 H:214 H:215
<patch B.13> B:1 B:11 B:12 B:13 B:14 B:15 B:16
<patch H.198> H:193 H:194 H:197 H:198 H:199 H:200
<patch K.15> K:13 K:14 K:15 K:16 K:17
<patch K.178> K:176 K:177 K:178 K:179 K:180
<patch H.16> H:11 H:12 H:13 H:14 H:15 H:16 H:17 H:18
<patch K.43> K:39 K:40 K:41 K:42 K:43 K:44
<patch K.122> K:120 K:121 K:122 K:123 K:124
<patch L.74> L:22 L:24 L:25 L:69 L:70 L:71 L:72 L:73 L:74 L:75 L:76
<patch H.17> H:15 H:16 H:17 H:18 H:19
<patch K.1> K:1 K:2
<patch L.24> L:24 L:25 L:26 L:73 L:74
<patch K.215> K:128 K:213 K:214 K:215 K:216 M:127
<patch B.125> B:3 B:117 B:118 B:122 B:123 B:124 B:125
<patch H.88> H:87 H:88 H:89 H:90 H:91 H:118 H:119 H:120
<patch M.27> M:1 M:2 M:3 M:25 M:26 M:27 M:28
<patch H.71> H:70 H:71 H:72
<patch M.158> M:151 M:153 M:154 M:156 M:157 M:158 M:159 M:160 M:161
<patch K.172> K:170 K:171 K:172 K:173 K:174 K:175 K:184 K:185 K:186 M:166 M:167 M:168 M:169
<patch L.69> L:67 L:68 L:69 L:70 L:71 L:74 L:75 L:76 L:78
<patch H.139> H:136 H:137 H:138 H:139 H:140 H:141
<patch H.193> H:141 H:191 H:192 H:193 H:194
<patch H.91> H:87 H:88 H:89 H:91 H:92 H:116 H:117 H:118 H:119
<patch K.91> K:87 K:88 K:89 K:91 K:92 K:118 K:119
<patch L.11> L:7 L:8 L:9 L:10 L:11 L:12 L:13 L:19 L:20 L:21
<patch H.164> H:162 H:163 H:164 H:165 H:166 H:167
<patch K.42> K:40 K:41 K:42 K:43 K:44
<patch L.80> L:16 L:17 L:18 L:65 L:78 L:80 L:81
<patch K.28> K:26 K:27 K:28 K:29 K:30 K:31
<patch B.124> B:117 B:121 B:122 B:123 B:124 B:125
<patch K.139> K:136 K:137 K:138 K:139 K:140 K:141
<patch K.170> K:161 K:166 K:167 K:168 K:169 K:170 K:171 K:172 K:186 M:141 M:142
<patch L.147> L:145 L:146 L:147 L:148 L:203
<patch L.162> L:152 L:159 L:160 L:161 L:162 L:163 L:164 L:182
<patch A.74> A:70 A:71 A:74 A:75 L:31 L:32 L:33 L:34
<patch A.38> A:34 A:35 A:36 A:37 A:38 A:41 A:42
<patch K.158> K:156 K:157 K:158 K:159 K:160
<patch K.11> K:9 K:10 K:11 K:12 K:13 K:117
<patch K.212> K:203 K:211 K:212 K:213 K:214
<patch H.165> H:162 H:163 H:164 H:165 H:166 H:167
<patch K.199> K:162 K:197 K:198 K:199 K:200
<patch K.3> K:1 K:2 K:3 K:4 K:5 K:25 K:26 K:109
<patch M.74> M:22 M:24 M:25 M:69 M:70 M:71 M:72 M:73 M:74 M:75 M:76
<patch L.194> L:155 L:191 L:192 L:193 L:194 L:195 L:214 L:215 L:216 L:217
<patch K.89> K:67 K:87 K:88 K:89 K:90 K:91
<patch A.96> A:95 A:96 A:97 A:119 A:120 A:121
<patch H.66> H:62 H:63 H:64 H:65 H:66 H:67 H:84
<patch H.199> H:162 H:197 H:198 H:199 H:200
<patch L.174> L:112 L:142 L:171 L:172 L:173 L:174 L:175 L:176
<patch L.9> L:6 L:7 L:8 L:9 L:10 L:11 L:107
<patch K.156> K:154 K:155 K:156 K:157 K:158
<patch H.219> H:132 H:133 H:195 H:196 H:197 H:217 H:218 H:219 H:220
<patch L.28> L:2 L:25 L:26 L:27 L:28 L:30 L:31 L:71 L:72 L:73 L:74 L:96
<patch B.145> B:62 B:64 B:65 B:141 B:142 B:144 B:145 B:146 B:147
<patch H.127> H:124 H:125 H:126 H:127 H:128 H:129 H:150 H:151
<patch A.11> A:1 A:2 A:7 A:8 A:9 A:10 A:11 A:12 A:13
<patch B.16> A:57 A:60 B:1 B:13 B:14 B:15 B:16 B:17 B:18 B:19
<patch B.89> B:85 B:86 B:87 B:88 B:89 B:90 B:91 B:92 B:95
<patch M.114> M:112 M:113 M:114 M:115 M:144 M:145 M:202 M:203 M:204
<patch K.181> K:121 K:150 K:151 K:178 K:179 K:180 K:181 K:182
<patch L.85> L:83 L:84 L:85
<patch M.163> M:152 M:160 M:161 M:162 M:163 M:164 M:165
<patch K.7> K:5 K:6 K:7 K:8 K:9 K:10 K:19 K:20 K:21
<patch L.169> H:172 H:173 H:174 L:167 L:168 L:169 L:170 L:171
<patch H.104> A:75 H:100 H:102 H:103 H:104 H:105
<patch M.164> M:162 M:163 M:164 M:165 M:166
<patch K.174> K:155 K:172 K:173 K:174 K:175 K:176 K:184 M:165 M:166 M:167 M:168 M:169
<patch K.136> K:133 K:134 K:135 K:136 K:137 K:138 K:139
<patch K.23> K:23 K:24 K:25 K:26 K:75 K:76 K:77 K:78
<patch L.165> L:152 L:163 L:164 L:165 L:166 L:167 L:179 L:182
<patch M.97> M:97 M:98 M:99
<patch H.3> H:1 H:2 H:3 H:4 H:5 H:109
<patch K.65> K:58 K:60 K:61 K:62 K:65 K:66 K:67
<patch H.23> H:23 H:24 H:25 H:26 H:75 H:76 H:77 H:78
<patch B.112> B:110 B:111 B:112 B:113 B:115 B:116
<patch M.61> M:58 M:59 M:60 M:61 M:62 M:63 M:64
<patch A.97> A:94 A:95 A:96 A:97 A:98 A:103
<patch A.16> A:13 A:14 A:15 A:16 A:17 A:18 A:19 B:60 B:61
<patch L.142> H:170 H:171 L:112 L:115 L:141 L:142 L:171 L:173 L:174 L:176
<patch M.26> M:2 M:3 M:24 M:25 M:26 M:27 M:28 M:73
<patch A.151> A:147 A:148 A:149 A:150 A:151
<patch H.89> H:67 H:87 H:88 H:89 H:90 H:91
<patch H.162> H:162 H:163 H:164 H:165 H:166 H:167 H:198 H:199 H:200
<patch H.75> H:72 H:73 H:74 H:75 H:76 H:77
<patch M.174> M:112 M:142 M:171 M:172 M:173 M:174 M:175 M:176
<patch H.109> H:1 H:2 H:3 H:4 H:5 H:98 H:108 H:109 H:110 H:111 H:112
<patch H.218> H:195 H:216 H:217 H:218 H:219 H:220
<patch K.180> K:119 K:120 K:121 K:122 K:153 K:178 K:179 K:180 K:181
<patch M.80> M:16 M:17 M:18 M:65 M:78 M:80 M:81
<patch K.109> K:1 K:2 K:3 K:4 K:5 K:98 K:108 K:109 K:110 K:111 K:112
<patch L.217> L:214 L:215 L:216 L:217
<patch K.56> K:33 K:53 K:54 K:55 K:56 K:57 K:58 K:74
<patch H.7> H:5 H:6 H:7 H:8 H:9 H:10 H:19 H:20 H:21 H:115
<patch L.1> L:1 L:2 L:3
<patch H.43> H:39 H:40 H:41 H:42 H:43 H:44
<patch M.210> M:119 M:197 M:199 M:207 M:208 M:209 M:210 M:211 M:212
<patch K.160> K:158 K:159 K:160 K:161
<patch M.56> M:56 M:57 M:58
<patch L.112> L:112 L:113 L:114 L:115 L:142 L:173 L:174 L:175 L:176
<patch A.124> A:117 A:120 A:121 A:122 A:123 A:124 A:125
<patch B.87> B:85 B:86 B:87 B:88 B:89 M:98
<patch H.142> H:140 H:141 H:142 H:191 H:192
<patch M.211> M:117 M:118 M:119 M:120 M:121 M:197 M:209 M:210 M:211 M:212
<patch B.149> B:147 B:148 B:149 B:150 B:151
<patch A.94> A:91 A:92 A:93 A:94 A:95 A:96 A:97
<patch L.164> L:162 L:163 L:164 L:165 L:182
<patch L.5> L:3 L:4 L:5 L:6 L:7 L:22 L:24
<patch H.156> H:154 H:155 H:156 H:157 H:158
<patch H.76> H:23 H:73 H:74 H:75 H:76 H:77 H:78
<patch L.192> L:159 L:188 L:189 L:192 L:193
<patch L.131> L:127 L:130 L:131 L:132 L:133 L:134
<patch L.212> L:195 L:197 L:210 L:211 L:212 L:213 L:214
<patch K.210> K:123 K:125 K:207 K:208 K:209 K:210 K:211 K:212
<patch K.138> K:135 K:136 K:137 K:138 K:139 K:140 K:141 K:192
<patch H.82> H:17 H:18 H:19 H:20 H:67 H:82 H:83 H:84
<patch A.62> A:59 A:60 A:61 A:62 A:63 A:64 A:65 A:145
<patch L.49> L:41 L:48 L:49 L:50
<patch B.140> B:68 B:139 B:140 B:143 B:144
<patch M.15> M:14 M:15 M:16
<patch K.88> K:87 K:88 K:89 K:90 K:91 K:118 K:119 K:120
<patch H.169> H:161 H:166 H:167 H:168 H:169 H:170 H:171 L:141 L:142
<patch H.108> H:2 H:98 H:106 H:107 H:108 H:109 H:110 L:40 L:50
<patch H.42> H:40 H:41 H:42 H:43 H:44
<patch M.12> M:10 M:11 M:12 M:13 M:14 M:107 M:108 M:109 M:111 M:112 M:144
<patch L.107> L:9 L:10 L:88 L:89 L:107
<patch B.122> B:120 B:121 B:122 B:123 B:124
<patch B.18> A:59 A:60 A:61 A:62 B:16 B:17 B:18 B:19 B:21 B:22
<patch K.75> K:72 K:73 K:74 K:75 K:76 K:77
<patch B.39> B:39
<patch H.65> H:58 H:60 H:61 H:62 H:65 H:66 H:67
<patch M.24> M:24 M:25 M:26 M:73 M:74
<patch B.35> B:29 B:30 B:33 B:34 B:35
<patch B.97> B:94 B:95 B:96 B:97 B:98 B:103
<patch H.196> H:143 H:192 H:193 H:194 H:195 H:196 H:197 H:198 H:217 H:219
<patch K.63> K:46 K:47 K:61 K:63 K:64
<patch K.207> K:205 K:206 K:207 K:208 K:209 K:210 K:211
<patch A.42> A:19 A:38 A:41 A:42 A:43 A:44 A:45
<patch A.34> A:30 A:33 A:34 A:35 A:38
<patch K.55> K:30 K:33 K:52 K:53 K:54 K:55 K:56 K:57 K:58
<patch L.56> L:56 L:57 L:58
<patch A.95> A:90 A:91 A:92 A:93 A:94 A:95 A:96 A:97 A:98
<patch K.125> K:123 K:124 K:125 K:126 K:127 K:208 K:209 K:210 K:211 K:212
<patch M.85> M:43 M:65 M:83 M:84 M:85 M:86
<patch M.192> M:159 M:188 M:189 M:192 M:193
<patch B.94> B:91 B:92 B:93 B:94 B:95 B:96 B:97
<patch H.101> H:100 H:101 H:102 H:103 H:104
<patch K.16> K:11 K:12 K:13 K:14 K:15 K:16 K:17 K:18
<patch H.207> H:205 H:206 H:207 H:208 H:209 H:210 H:211
<patch A.112> A:112 A:113 A:115 A:116 B:107
<patch L.46> H:112 L:43 L:44 L:45 L:46 L:47
<patch L.27> L:1 L:2 L:3 L:25 L:26 L:27 L:28
<patch H.1> H:1 H:2
<patch L.63> L:58 L:59 L:60 L:61 L:62 L:63 L:64 L:65 L:66 L:86
<patch L.186> L:184 L:185 L:186 L:187 L:188 L:189
<patch A.147> A:142 A:143 A:144 A:145 A:146 A:147 A:148 A:149 A:150
<patch A.100> A:78 A:81 A:82 A:100 A:102 A:103 A:108 L:30 L:31 L:32 L:96
<patch H.9> H:7 H:8 H:9 H:10 H:11 H:115
<patch L.146> L:146
<patch L.60> L:53 L:58 L:59 L:60 L:61 L:62
<patch K.101> K:100 K:101 K:102 K:103 K:104
<patch B.53> B:53 B:54 B:56 B:57
<patch H.73> H:19 H:72 H:73 H:74 H:75 H:76 H:77 H:78 H:80
<patch H.181> H:121 H:150 H:151 H:177 H:178 H:179 H:180 H:181 H:182
<patch A.22> A:18 A:19 A:21 A:22 A:24 A:25 A:43
<patch K.189> K:189
<patch M.30> M:28 M:30 M:31 M:32 M:33 M:34 M:70 M:71 M:72 M:73
<patch B.38> B:34 B:35 B:36 B:37 B:38 B:41 B:42
<patch L.97> L:97 L:98 L:99
<patch K.115> K:8 K:9 K:10 K:11 K:114 K:115
<patch A.10> A:9 A:10 A:11 A:119 A:120
<patch A.39> A:39
<patch H.211> H:125 H:126 H:209 H:210 H:211 H:212 H:213
<patch B.86> B:81 B:84 B:85 B:86 B:87 B:88 B:89 B:90 B:91
<patch A.98> A:97 A:98 A:99
